[dat] loaded cache /Users/ajit/Projects/Causal/nf_dunnhumby/scripts/v3_codex/../../basket_input/v3_index_affinity.npz
[fit] version-4 experiment guard: PASS (fresh-lineage, affinity-280, original joint law, full catalogue/rank/support, QMC normalizer)
[fea] price deviation panel (5455, 712), |mean| 0.1233
[fea] store price deviations: 244,880 cells (0.75% of the grid)
[fea] recency: 1,358,594 purchase events over 758 sub-commodities; median gap 35.0 days
[fea] promotion cells: 6,519,807; display rate 0.401, mailer 0.739
[fit] support (n_max=120, R=120): dropping 0 of 157,464 training (0.00%) and 0 of 16,948 validation (0.00%) trips that lie outside it
[fit] 157,464 training trips, 16,948 validation
[fit] config: K=32  Kp=8  Kz=32  R=120  adapt_draws=1  allow_factored_ablation=0  aniso=2.0  antithetic=0  batch=24  beta_cal_w=0.1  beta_target=../../basket_input/v3_beta_target.npz  budget_f=1.0  c_max=0.0  cd=0  cd_draws=0  clip=2.0  comp_ce_w=0.0  composition_stage=0  cosine=0  ctx_shrink=1.0  cum_offset=0  draws=16  elast_target=-0.121  elast_w=20.0  en_w=0.005  ess_floor=0.3  ess_floor_min=0.15  eval_every=200  eval_initial=1  factored_size=0  freeze_rho0=0  freeze_rho_c=0  fresh_sched=0  gap_project=0.0  init_popularity=1  init_rho0=1  interaction_stage=0  iters=1000  label=armH_meanpool  lam_centre=1  lam_lr_scale=1.0  lam_project=1  lam_q=0.9  lam_sd_max=0.0  lam_target=0.85  lr=0.002  lr_floor=0.02  lr_gamma=0.5  lr_milestones=20000,26000  lz_gap=0.02  lz_strikes=3  min_keep=0.5  mix_lam=1.0  mix_scales_hi=2.0  mix_scales_lo=1.0  mode_steps=1  multinomial_utility_start=  n_rec=192  n_val=384  neg_per_trip=64  nmax=120  no_rec=1  phi_centre=1  phi_deg=  phi_deg_cap=2.5  phi_init=0.03  phi_l1=0.0  phi_mask=  phi_max=0.96  phi_op_max=2.0  phi_pool=mean  phi_step_scale=1.0  phi_topk=0.0  phi_whiten=0.5  pi_project_every=0  pool_beta=0.0  pool_ctx=0.0  pool_prod=1.45  probe=10  probe_only=False  proj_ema=1  pseudo=0  qmc_en_max=2.5  qmc_eval_n=128  qmc_mix_n=16  qmc_mode_logtol=4.0  qmc_mode_sep=1.0  qmc_n=8  qmc_refresh_every=1  qmc_reps=4  qmc_retry_n=0  qmc_seed=0  qmc_size_bands=1  qmc_size_steps=3  qmc_step_se=0.0  quad_chunk=32  quad_probe=-1  quad_q=0  quad_steps=2  reinit_interactions=0  reinit_rho0_after_warm=0  require_version4=1  resume=  rho0_curv=0.0  rho_c_floor=-0.92  rho_c_step_scale=0.05  rkl_eps=0.0001  rkl_w=10.0  seed=0  size_bands=3  size_ipf_damp=0.5  size_ipf_steps=0  size_ipf_trips=256  size_kl=1.0  size_stage=0  taste_init=0.03  units=1  var_damp=0.15  var_project=0  var_target=-1.0  var_w=0.0  warm_start=  wd=1e-05  xi_shrink=0.0  zero_phi=0  zero_rho_c=0
[fit] theory invariant: original version-4 joint law; full log Z = log sum_n exp[-rho_0(n)] Z_n(x), price-responsive size retained
[fit] parameters: 645,954  (K=32, Kz=32, Kp=8, nmax=120, R=120)
[fit] empirical size law: mean 7.80  var 82.8
/Users/ajit/Projects/Causal/nf_dunnhumby/scripts/v3_codex/fit.py:733: UserWarning: Converting a tensor with requires_grad=True to a scalar may lead to unexpected behavior.
Consider using tensor.detach() first. (Triggered internally at /Users/runner/work/pytorch/pytorch/pytorch/torch/csrc/autograd/generated/python_variable_methods.cpp:837.)
  log(f"lam initialised from training incidence/exposure: sd {float(m.lam.std()):.3f}, "
[fit] lam initialised from training incidence/exposure: sd 0.712, range -4.64..4.95
[fit]   MEAN-pooled interaction: (1/s) sum_{j<k} phi_j.phi_k over 3 size bands [(0, 5, 2.0), (6, 24, 10.72), (25, 120, 53.44)]
[fit]   energy, normaliser, MRR and the conditional all use this same s(n); verified against exact enumeration to 2e-5 nats
[fit]   log Z: size-stratified multimode scrambled-Sobol, Kz=32, 8 one-mode/16 two-mode nodes in 4 scrambles, seed 0, 3 vectorised size-mode steps, second mode within 4 nats and separation 1, node chunk 32 (replaces 16 sampled draws)
[fit]   verified in this kernel vs exact enumeration over all 2^J-1 subsets, every product carrying phi at ||phi_j||=0.96: -0.00006 nats at Kz=128, +0.00035 at Kz=512
[fit]   --no-rec: psi zeroed and frozen (recency removed from b)
/Users/ajit/Projects/Causal/nf_dunnhumby/scripts/v3_codex/ragged.py:335: UserWarning: index_reduce() is in beta and the API may change at any time. (Triggered internally at /Users/runner/work/pytorch/pytorch/pytorch/aten/src/ATen/native/TensorAdvancedIndexing.cpp:1518.)
  sd.index_reduce_(0, self.row_pos, self.row_size, "amax", include_self=True)
[fit] rho_0 initialised at the empirical size law (mean 7.82 lines)
[fit]   stochastic RQMC training: refresh every 1 update(s); 8 training nodes, 128 fixed checkpoint nodes
[fit] initial it      0  set/basket -56.4099  set/line -6.5581  size/basket -3.0676  comp/basket -53.3422  units/basket -7.8217  total/basket -64.2315  MRR 0.0248(med 1032)
[fit] 
[fit] timing probe: 10 iterations at batch 24, 16 draws
[fit]   iteration-zero checkpoint is current best: set/basket -56.4099
[fit]   iteration-zero checkpoint is current best MRR: 0.0248
[fit]   10 iterations in 35.2s = 3.518s/iteration
[fit]   slots per batch 127,244, rows 5,259, Cpad 256
[fit]   implied wall clock: 0.98 h for 1,000 iterations
[fit]   loss 60.639   ESS 1.000   |phi| 0.107   skipped 0   retried 0   ESS min 1.000   RQMC logZ SE mean/max 0.0033/0.0062
[fit]   QMC envelope: max||z*|| 0.03 (accurate to ~12, fails ~18), max||phi_j|| 0.175, phi-carrying products 5,455
[fit]   it   200 ep 0.030 cum 0.030  train   60.738  set/bskt  -56.461 (size -3.057 comp -53.404)  units/bskt  -7.492  total  -63.953  ESS 1.000 (min 0.999)  RQMCse 0.0038/0.0162  mode2 0.0%  |phi| 0.107 (max 0.17 zero 0% erank 32)  lam_max 0.023  E[n] 8.0(med 8.0)/8.6 [8.0@8x] var 111/89 (w110+s1)  MRR 0.0250(med 950)  lam sd 0.742(season 0.023 db 8.7e-19)  elast -0.121/-0.121  skip 0  qretry 0  qbad 0  gbad 0  drop 0  redo 0  bang 0  14.8 min
[fit]   normaliser check (log Z): RQMC 2*SE 0.0005 nats; independent N-vs-2N |gap| 0.0008; guard 0.0008 (4 scrambles)
[fit]   GOALS  logZ-converged=PASS  E[n]-converged=PASS  E[n]-calibrated=PASS  var-calibrated=PASS  sampler-agrees=PASS  elasticity=PASS  data-kept=PASS   sampled 9.8 vs analytic 8.1 (tol 4.3)
