[dat] loaded cache /Users/ajit/Projects/Causal/nf_dunnhumby/scripts/v3_codex/../../basket_input/v3_index_affinity.npz
[fit] version-4 experiment guard: PASS (fresh-lineage, affinity-280, original joint law, full catalogue/rank/support, QMC normalizer)
[fea] price deviation panel (5455, 712), |mean| 0.1233
[fea] store price deviations: 244,880 cells (0.75% of the grid)
[fea] recency: 1,358,594 purchase events over 758 sub-commodities; median gap 35.0 days
[fea] promotion cells: 6,519,807; display rate 0.401, mailer 0.739
[fit] support (n_max=120, R=120): dropping 0 of 157,464 training (0.00%) and 0 of 16,948 validation (0.00%) trips that lie outside it
[fit] 157,464 training trips, 16,948 validation
[fit] config: K=32  Kp=8  Kz=32  R=120  adapt_draws=1  allow_factored_ablation=0  aniso=2.0  antithetic=0  batch=24  beta_cal_w=0.1  beta_target=../../basket_input/v3_beta_target.npz  budget_f=1.0  c_max=0.0  cd=0  cd_draws=0  clip=2.0  comp_ce_w=0.0  composition_stage=0  cosine=0  ctx_shrink=1.0  cum_offset=0  draws=16  elast_every=20  elast_target=-0.121  elast_w=20.0  en_w=0.005  ess_floor=0.3  ess_floor_min=0.15  eval_every=500  eval_initial=1  factored_size=0  freeze_rho0=0  freeze_rho_c=0  fresh_sched=0  gap_project=0.0  init_popularity=0  init_rho0=0  interaction_stage=0  iters=30000  label=run302_phiboost  lam_centre=1  lam_floor=0.15  lam_lr_scale=0.05  lam_project=1  lam_q=0.9  lam_sd_max=0.0  lam_target=0.85  lam_up_max=1.15  lr=0.002  lr_floor=0.02  lr_gamma=0.5  lr_milestones=20000,26000  lz_gap=0.02  lz_strikes=3  min_keep=0.5  mix_lam=1.0  mix_scales_hi=2.0  mix_scales_lo=1.0  mode_steps=1  multinomial_utility_start=  n_rec=192  n_val=384  neg_per_trip=64  nmax=120  no_rec=1  objective=full  phi_centre=1  phi_deg=  phi_deg_cap=2.5  phi_init=0.03  phi_l1=0.0  phi_mask=  phi_max=0.96  phi_op_max=2.0  phi_pool=sum  phi_step_scale=1.0  phi_topk=0.0  phi_whiten=0.5  pi_project_every=0  poly_degree=-1  poly_degree_tol=0.001  pool_beta=0.0  pool_ctx=0.0  pool_prod=1.45  price_hinge_w=10.0  price_soft=0  probe=10  probe_only=False  proj_ema=1  pseudo=0  qmc_en_max=2.5  qmc_eval_n=128  qmc_mix_n=64  qmc_mode_logtol=4.0  qmc_mode_sep=1.0  qmc_n=32  qmc_refresh_every=1  qmc_reps=4  qmc_retry_n=0  qmc_seed=0  qmc_size_bands=1  qmc_size_steps=3  qmc_step_se=0.0  quad_chunk=32  quad_probe=-1  quad_q=0  quad_steps=2  reinit_interactions=0  reinit_rho0_after_warm=0  require_version4=1  resume=/Users/ajit/Projects/Causal/nf_dunnhumby/out/v3_run301_boost.pt  rho0_curv=0.0  rho_c_floor=-0.92  rho_c_step_scale=0.05  rkl_eps=0.0001  rkl_w=10.0  seed=0  size_bands=3  size_ipf_damp=0.5  size_ipf_steps=0  size_ipf_trips=256  size_kl=1.0  size_stage=0  taste_init=0.03  units=1  var_damp=0.15  var_project=0  var_target=-1.0  var_w=0.0  warm_start=  wd=1e-05  xi_shrink=0.0  zero_phi=0  zero_rho_c=0
[fit] theory invariant: original version-4 joint law; full log Z = log sum_n exp[-rho_0(n)] Z_n(x), price-responsive size retained
[fit] parameters: 645,954  (K=32, Kz=32, Kp=8, nmax=120, R=120)
[fit] empirical size law: mean 7.80  var 82.8
/Users/ajit/Projects/Causal/nf_dunnhumby/scripts/v3_codex/ragged.py:335: UserWarning: index_reduce() is in beta and the API may change at any time. (Triggered internally at /Users/runner/work/pytorch/pytorch/pytorch/aten/src/ATen/native/TensorAdvancedIndexing.cpp:1518.)
  sd.index_reduce_(0, self.row_pos, self.row_size, "amax", include_self=True)
[fit]   per-row polynomial degree 64 (support unchanged at 1..120). largest observed single-row count 26, floor 26; measured max |d log Z| vs degree 120 = 1.15e-05 on 16 real trips
[fit]   log Z: size-stratified multimode scrambled-Sobol, Kz=32, 32 one-mode/64 two-mode nodes in 4 scrambles, seed 0, 3 vectorised size-mode steps, second mode within 4 nats and separation 1, node chunk 32 (replaces 16 sampled draws)
[fit]   verified in this kernel vs exact enumeration over all 2^J-1 subsets, every product carrying phi at ||phi_j||=0.96: -0.00006 nats at Kz=128, +0.00035 at Kz=512
[fit]   --no-rec: psi zeroed and frozen (recency removed from b)
[fit] resumed from v3_run301_boost.pt at iteration 1500 -- optimiser, schedule and RNG restored
[fit]   separate lam learning rate: 0.0001 (0.05x structural rate 0.002)
[fit]   continuing from iteration 1500: lr main=0.002/lam=0.0001 (a fresh schedule would start at 0.002000), Adam state for 19 tensors
[fit]   stochastic RQMC training: refresh every 1 update(s); 32 training nodes, 128 fixed checkpoint nodes
[fit] initial it   1500  set/basket -55.6061  set/line -6.4647  size/basket -3.0575  comp/basket -52.5486  units/basket -6.9771  total/basket -62.5832  MRR 0.0376(med 976)
[fit] 
[fit] timing probe: 10 iterations at batch 24, 16 draws
[fit]   best-so-far carried over: set/basket -55.9820 at iteration 1000
[fit]   iteration-zero checkpoint is current best: set/basket -55.6061
[fit]   iteration-zero checkpoint is current best MRR: 0.0376
[fit]   10 iterations in 27.2s = 2.718s/iteration
[fit]   slots per batch 127,843, rows 5,520, Cpad 263
[fit]   implied wall clock: 22.65 h for 30,000 iterations
[fit]   loss 57.145   ESS 0.999   |phi| 0.098   skipped 0   retried 0   ESS min 0.957   RQMC logZ SE mean/max 0.0020/0.0228
[fit]   QMC envelope: max||z*|| 0.17 (accurate to ~12, fails ~18), max||phi_j|| 0.346, phi-carrying products 5,455
[fit]   lambda_max 0.123 < floor 0.15: phi scaled UP by 1.105 (frontier is 1.0; log Z degrades past it)
/Users/ajit/Projects/Causal/nf_dunnhumby/scripts/v3_codex/fit.py:2235: UserWarning: Converting a tensor with requires_grad=True to a scalar may lead to unexpected behavior.
Consider using tensor.detach() first. (Triggered internally at /Users/runner/work/pytorch/pytorch/pytorch/torch/csrc/autograd/generated/python_variable_methods.cpp:837.)
  f"(max {float(m.phi.norm(dim=1).max()):.2f} "
[fit]   it  2000 ep 0.305 cum 0.305  train   59.813  set/bskt  -55.141 (size -3.024 comp -52.116)  units/bskt  -6.940  total  -62.081  ESS 0.999 (min 0.782)  RQMCse 0.0019/0.0825  mode2 0.0%  |phi| 0.109 (max 0.38 zero 0% erank 32)  lam_max 0.123  E[n] 7.6(med 6.3)/8.6 [7.6@8x] var 104/89 (w87+s18)  MRR 0.0371(med 933)  lam sd 0.715(season 0.066 db 1.5e-18)  elast -0.117/-0.121  skip 0  qretry 0  qbad 0  gbad 0  drop 0  redo 0  bang 0  29.2 min
[fit]   normaliser check (log Z): RQMC 2*SE 0.0096 nats; independent N-vs-2N |gap| 0.0118; guard 0.0118 (4 scrambles)
[fit]   GOALS  logZ-converged=PASS  E[n]-converged=PASS  E[n]-calibrated=PASS  var-calibrated=PASS  sampler-agrees=PASS  elasticity=PASS  data-kept=PASS   sampled 9.6 vs analytic 7.9 (tol 4.2)
[fit]   QMC envelope: max||z*|| 0.15 (accurate to ~12, fails ~18), max||phi_j|| 0.349, phi-carrying products 5,455
[fit]   lambda_max 0.131 < floor 0.15: phi scaled UP by 1.069 (frontier is 1.0; log Z degrades past it)
[fit]   it  2500 ep 0.381 cum 0.381  train   59.174  set/bskt  -54.722 (size -3.042 comp -51.680)  units/bskt  -6.890  total  -61.612  ESS 0.999 (min 0.617)  RQMCse 0.0019/0.0978  mode2 0.0%  |phi| 0.105 (max 0.37 zero 0% erank 32)  lam_max 0.131  E[n] 7.6(med 6.2)/8.6 [7.6@8x] var 98/89 (w80+s18)  MRR 0.0387(med 853)  lam sd 0.714(season 0.092 db 2.5e-18)  elast -0.115/-0.121  skip 0  qretry 0  qbad 0  gbad 0  drop 0  redo 0  bang 0  62.1 min
[fit]   normaliser check (log Z): RQMC 2*SE 0.0080 nats; independent N-vs-2N |gap| 0.0035; guard 0.0080 (4 scrambles)
[fit]   GOALS  logZ-converged=PASS  E[n]-converged=PASS  E[n]-calibrated=PASS  var-calibrated=PASS  sampler-agrees=PASS  elasticity=PASS  data-kept=PASS   sampled 6.2 vs analytic 6.9 (tol 3.3)
[fit]   QMC envelope: max||z*|| 0.37 (accurate to ~12, fails ~18), max||phi_j|| 0.343, phi-carrying products 5,455
[fit]   lambda_max 0.103 < floor 0.15: phi scaled UP by 1.150 (frontier is 1.0; log Z degrades past it)
[fit]   it  3000 ep 0.457 cum 0.457  train   59.304  set/bskt  -54.316 (size -3.029 comp -51.287)  units/bskt  -6.831  total  -61.148  ESS 0.999 (min 0.851)  RQMCse 0.0018/0.0569  mode2 0.0%  |phi| 0.113 (max 0.39 zero 0% erank 32)  lam_max 0.103  E[n] 8.7(med 6.6)/8.6 [8.7@8x] var 137/89 (w102+s35)  MRR 0.0441(med 819)  lam sd 0.714(season 0.111 db 3.8e-18)  elast -0.114/-0.121  skip 0  qretry 0  qbad 0  gbad 0  drop 0  redo 0  bang 0  94.8 min
[fit]   normaliser check (log Z): RQMC 2*SE 0.0280 nats; independent N-vs-2N |gap| 0.0051; guard 0.0280 (4 scrambles)
[fit]   GOALS  logZ-converged=FAIL  E[n]-converged=PASS  E[n]-calibrated=PASS  var-calibrated=FAIL  sampler-agrees=FAIL  elasticity=PASS  data-kept=PASS   sampled 20.1 vs analytic 7.8 (tol 3.8)
[fit]   QMC envelope: max||z*|| 0.06 (accurate to ~12, fails ~18), max||phi_j|| 0.301, phi-carrying products 5,455
[fit]   lambda_max 0.124 < floor 0.15: phi scaled UP by 1.101 (frontier is 1.0; log Z degrades past it)
[fit]   it  3500 ep 0.533 cum 0.533  train   58.965  set/bskt  -54.018 (size -3.017 comp -51.001)  units/bskt  -6.742  total  -60.760  ESS 0.999 (min 0.627)  RQMCse 0.0017/0.0663  mode2 0.1%  |phi| 0.110 (max 0.33 zero 0% erank 32)  lam_max 0.124  E[n] 8.1(med 6.1)/8.6 [8.1@8x] var 132/89 (w93+s40)  MRR 0.0486(med 729)  lam sd 0.714(season 0.127 db 1.1e-17)  elast -0.111/-0.121  skip 0  qretry 0  qbad 0  gbad 0  drop 0  redo 0  bang 0  141.4 min
[fit]   normaliser check (log Z): RQMC 2*SE 0.0025 nats; independent N-vs-2N |gap| 0.0011; guard 0.0025 (4 scrambles)
[fit]   GOALS  logZ-converged=PASS  E[n]-converged=PASS  E[n]-calibrated=PASS  var-calibrated=FAIL  sampler-agrees=FAIL  elasticity=PASS  data-kept=PASS   sampled 120.0 vs analytic 7.0 (tol 3.3)
[fit]   QMC envelope: max||z*|| 0.11 (accurate to ~12, fails ~18), max||phi_j|| 0.323, phi-carrying products 5,455
[fit]   lambda_max 0.082 < floor 0.15: phi scaled UP by 1.150 (frontier is 1.0; log Z degrades past it)
[fit]   it  4000 ep 0.610 cum 0.610  train   58.470  set/bskt  -53.648 (size -3.017 comp -50.632)  units/bskt  -6.660  total  -60.309  ESS 0.999 (min 0.369)  RQMCse 0.0018/0.1980  mode2 0.2%  |phi| 0.113 (max 0.37 zero 0% erank 32)  lam_max 0.082  E[n] 8.1(med 6.5)/8.6 [8.1@8x] var 134/89 (w87+s47)  MRR 0.0493(med 658)  lam sd 0.714(season 0.139 db 4.8e-18)  elast -0.109/-0.121  skip 0  qretry 0  qbad 0  gbad 0  drop 0  redo 0  bang 0  186.9 min
[fit]   normaliser check (log Z): RQMC 2*SE 0.0040 nats; independent N-vs-2N |gap| 0.0022; guard 0.0040 (4 scrambles)
[fit]   GOALS  logZ-converged=PASS  E[n]-converged=PASS  E[n]-calibrated=PASS  var-calibrated=FAIL  sampler-agrees=FAIL  elasticity=PASS  data-kept=PASS   sampled 120.0 vs analytic 7.7 (tol 3.9)
[fit]   QMC envelope: max||z*|| 0.21 (accurate to ~12, fails ~18), max||phi_j|| 0.383, phi-carrying products 5,455
[fit]   it  4500 ep 0.686 cum 0.686  train   57.873  set/bskt  -53.376 (size -3.026 comp -50.350)  units/bskt  -6.593  total  -59.970  ESS 0.999 (min 0.654)  RQMCse 0.0019/0.0847  mode2 0.1%  |phi| 0.100 (max 0.38 zero 0% erank 32)  lam_max 0.000  E[n] 8.1(med 6.0)/8.6 [8.1@8x] var 155/89 (w106+s50)  MRR 0.0550(med 624)  lam sd 0.713(season 0.148 db 9.4e-18)  elast -0.107/-0.121  skip 0  qretry 0  qbad 0  gbad 0  drop 0  redo 0  bang 0  225.3 min
[fit]   normaliser check (log Z): RQMC 2*SE 0.0027 nats; independent N-vs-2N |gap| 0.0017; guard 0.0027 (4 scrambles)
[fit]   sampler check failed: probability tensor contains either `inf`, `nan` or element < 0
[fit]   GOALS  logZ-converged=PASS  E[n]-converged=PASS  E[n]-calibrated=PASS  var-calibrated=FAIL  sampler-agrees=FAIL  elasticity=PASS  data-kept=PASS   sampled nan vs analytic nan (tol nan)
